STDOUT:
[36mvite v6.4.3 [32mbuilding for production...[36m[39m
transforming...
[32mâœ“[39m 42 modules transformed.


STDERR:
[31mâœ—[39m Build failed in 3.48s
[31merror during build:
[31m[vite:esbuild] Transform failed with 1 error:
D:/Codes/CSE-3200/frontend/src/components/AdminClubReview.jsx:296:0: ERROR: Unexpected end of file before a closing "p" tag[31m
file: [36mD:/Codes/CSE-3200/frontend/src/components/AdminClubReview.jsx:296:0[31m
[33m
[33mUnexpected end of file before a closing "p" tag[33m
294|                    <p className="text-[11px] text-stone-500">
295|  e-500">
296|  
   |  ^
[31m
    at failureErrorWithLog (d:\Codes\CSE-3200\frontend\node_modules\esbuild\lib\main.js:1467:15)
    at d:\Codes\CSE-3200\frontend\node_modules\esbuild\lib\main.js:736:50
    at responseCallbacks.<computed> (d:\Codes\CSE-3200\frontend\node_modules\esbuild\lib\main.js:603:9)
    at handleIncomingPacket (d:\Codes\CSE-3200\frontend\node_modules\esbuild\lib\main.js:658:12)
    at Socket.readFromStdout (d:\Codes\CSE-3200\frontend\node_modules\esbuild\lib\main.js:581:7)
    at Socket.emit (node:events:509:28)
    at addChunk (node:internal/streams/readable:563:12)
    at readableAddChunkPushByteMode (node:internal/streams/readable:514:3)
    at Readable.push (node:internal/streams/readable:394:5)
    at Pipe.onStreamRead (node:internal/stream_base_commons:189:23)[39m
