src/db.ts(1,22): error TS7016: Could not find a declaration file for module 'pg'. 'D:/Codes/CSE-3200/backend/node_modules/pg/lib/index.js' implicitly has an 'any' type.
  Try `npm i --save-dev @types/pg` if it exists or add a new declaration (.d.ts) file containing `declare module 'pg';`
src/db.ts(14,19): error TS7006: Parameter 'error' implicitly has an 'any' type.
